../Core/Src/fsm.c:22:13:formatLiters	40	static
../Core/Src/fsm.c:28:13:displayFuelMode	48	static
../Core/Src/fsm.c:38:13:displayTransaction	96	static
../Core/Src/fsm.c:48:13:handleResponse	24	static
../Core/Src/fsm.c:83:13:isValidStatus	24	static
../Core/Src/fsm.c:93:13:updateCheckStatus	72	static
../Core/Src/fsm.c:163:13:updateError	72	static
../Core/Src/fsm.c:216:13:updateIdle	56	static
../Core/Src/fsm.c:288:13:updateWaitForPriceInput	16	static
../Core/Src/fsm.c:292:13:updateViewPrice	24	static
../Core/Src/fsm.c:307:13:updateTransitionPriceSet	24	static
../Core/Src/fsm.c:316:13:updateTransitionEditPrice	24	static
../Core/Src/fsm.c:332:13:updateEditPrice	24	static
../Core/Src/fsm.c:347:13:updateConfirmTransaction	16	static
../Core/Src/fsm.c:351:13:updateTransaction	120	static
../Core/Src/fsm.c:455:13:updateTransactionPaused	72	static
../Core/Src/fsm.c:499:13:updateTransactionEnd	168	static
../Core/Src/fsm.c:570:13:updateTotalCounter	128	static
../Core/Src/fsm.c:617:6:initFSM	80	static
../Core/Src/fsm.c:703:6:updateFSM	16	static
../Core/Src/fsm.c:724:6:processKeyFSM	144	static
../Core/Src/fsm.c:1096:10:getCurrentState	16	static
../Core/Src/fsm.c:1100:10:getCurrentFuelMode	16	static
../Core/Src/fsm.c:1105:6:logMessage	152	static
