../Core/Src/stm32f4xx_it.c:14:6:NMI_Handler	4	static
../Core/Src/stm32f4xx_it.c:18:6:HardFault_Handler	4	static
../Core/Src/stm32f4xx_it.c:23:6:MemManage_Handler	4	static
../Core/Src/stm32f4xx_it.c:28:6:BusFault_Handler	4	static
../Core/Src/stm32f4xx_it.c:33:6:UsageFault_Handler	4	static
../Core/Src/stm32f4xx_it.c:38:6:DebugMon_Handler	4	static
../Core/Src/stm32f4xx_it.c:46:6:TIM2_IRQHandler	8	static
../Core/Src/stm32f4xx_it.c:51:6:DMA1_Stream1_IRQHandler	8	static
../Core/Src/stm32f4xx_it.c:56:6:DMA1_Stream3_IRQHandler	8	static
../Core/Src/stm32f4xx_it.c:61:6:DMA1_Stream5_IRQHandler	8	static
../Core/Src/stm32f4xx_it.c:66:6:DMA1_Stream6_IRQHandler	8	static
../Core/Src/stm32f4xx_it.c:71:6:USART2_IRQHandler	8	static
../Core/Src/stm32f4xx_it.c:76:6:USART3_IRQHandler	8	static
